config          config/p1.yaml  c219757bb47c087e...
overlay         config/altdata/N1.yaml  f4489613c2c37414...
execution       primary_open_to_close
alternative     ['news']  arm=market + alt  shift=+0
modelling set   2247 sessions, 2015-03-31 to 2024-03-04
initial train   1000
outer steps     60  (step 21, retune every 12)
candidates      23  over 23 fitted models

  step   0  retune  chose majority_baseline|{}   eligible 17/23
  step  12  retune  chose majority_baseline|{}   eligible 15/23
  step  24  retune  chose logistic|{'C': 0.01, 'class_weight': None}   eligible 17/23
  step  36  retune  chose lightgbm|{'num_leaves': 7, 'learning_rate': 0.03, 'min_child_samples': 60}   eligible 7/23
  step  48  retune  chose lightgbm|{'num_leaves': 7, 'learning_rate': 0.03, 'min_child_samples': 60}   eligible 7/23

run complete in 714.2s
  oos_predictions.csv   1247 rows x 12 cols
    columns             ['step', 'model', 'params', 'delta', 'p_short', 'p_flat', 'p_long', 'mu_hat', 'position', 'realised_o2c', 'financing', 'calibration_skipped']
    dates               2019-03-21 to 2024-03-04
    positions           {-1.0: np.int64(139), 0.0: np.int64(788), 1.0: np.int64(320)}
    calibration skipped 0 rows
  selection_log.csv     5 retunes
  candidate_diagnostics 115 rows (5 retunes x 23 candidates)
  feature_stability.csv 49 distinct features selected
  run_manifest.json     written

--- stderr ---
D:\SPY Prediction\repo\scripts\run_p1.py:475: RuntimeWarning: Mean of empty slice
  inner.setdefault(key, []).append(res["mu_hat"])
