config          config/p1.yaml  c219757bb47c087e...
overlay         config/exploratory/E4.yaml  7c86db75cb896d25...
execution       primary_open_to_close
excluded groups ['volume']  -> 78 features remain
modelling set   2865 sessions, 2015-03-31 to 2026-08-20
initial train   1000
outer steps     89  (step 21, retune every 12)
candidates      23  over 23 fitted models

  step   0  retune  chose majority_baseline|{}   eligible 16/23
  step  12  retune  chose majority_baseline|{}   eligible 18/23
  step  24  retune  chose random_forest|{'max_depth': 3, 'min_samples_leaf': 50}   eligible 7/23
  step  36  retune  chose lightgbm|{'num_leaves': 7, 'learning_rate': 0.03, 'min_child_samples': 60}   eligible 8/23
  step  48  retune  chose random_forest|{'max_depth': 5, 'min_samples_leaf': 20}   eligible 8/23
  step  60  retune  chose random_forest|{'max_depth': 3, 'min_samples_leaf': 20}   eligible 3/23
  step  72  retune  chose majority_baseline|{}   eligible 16/23
  step  84  retune  chose logistic|{'C': 0.01, 'class_weight': None}   eligible 6/23

run complete in 1617.4s
  oos_predictions.csv   1865 rows x 12 cols
    columns             ['step', 'model', 'params', 'delta', 'p_short', 'p_flat', 'p_long', 'mu_hat', 'position', 'realised_o2c', 'financing', 'calibration_skipped']
    dates               2019-03-21 to 2026-08-20
    positions           {-1.0: np.int64(72), 0.0: np.int64(1266), 1.0: np.int64(527)}
    calibration skipped 0 rows
  selection_log.csv     8 retunes
  candidate_diagnostics 184 rows (8 retunes x 23 candidates)
  feature_stability.csv 43 distinct features selected
  run_manifest.json     written

--- stderr ---
D:\SPY Prediction\repo\scripts\run_p1.py:475: RuntimeWarning: Mean of empty slice
  inner.setdefault(key, []).append(res["mu_hat"])
D:\SPY Prediction\repo\scripts\run_p1.py:475: RuntimeWarning: Mean of empty slice
  inner.setdefault(key, []).append(res["mu_hat"])
