config          config/p1.yaml  c219757bb47c087e...
overlay         config/exploratory/E2.yaml  1f6683a44656ceb4...
execution       primary_open_to_close
excluded groups ['macro_change', 'macro_zscore', 'yield_curve']  -> 45 features remain
modelling set   2865 sessions, 2015-03-31 to 2026-08-20
initial train   1000
outer steps     89  (step 21, retune every 12)
candidates      23  over 23 fitted models

  step   0  retune  chose majority_baseline|{}   eligible 22/23
  step  12  retune  chose majority_baseline|{}   eligible 6/23
  step  24  retune  chose logistic|{'C': 1.0, 'class_weight': None}   eligible 14/23
  step  36  retune  chose logistic|{'C': 0.01, 'class_weight': None}   eligible 19/23
  step  48  retune  chose logistic|{'C': 0.01, 'class_weight': None}   eligible 7/23
  step  60  retune  chose logistic|{'C': 0.01, 'class_weight': None}   eligible 13/23
  step  72  retune  chose majority_baseline|{}   eligible 17/23
  step  84  retune  chose majority_baseline|{}   eligible 16/23

run complete in 989.7s
  oos_predictions.csv   1865 rows x 12 cols
    columns             ['step', 'model', 'params', 'delta', 'p_short', 'p_flat', 'p_long', 'mu_hat', 'position', 'realised_o2c', 'financing', 'calibration_skipped']
    dates               2019-03-21 to 2026-08-20
    positions           {-1.0: np.int64(53), 0.0: np.int64(1357), 1.0: np.int64(455)}
    calibration skipped 0 rows
  selection_log.csv     8 retunes
  candidate_diagnostics 184 rows (8 retunes x 23 candidates)
  feature_stability.csv 30 distinct features selected
  run_manifest.json     written

--- stderr ---
D:\SPY Prediction\repo\scripts\run_p1.py:428: RuntimeWarning: Mean of empty slice
  print(f"overlay         {args.overlay}  {overlay_sha[:16]}...")
D:\SPY Prediction\repo\scripts\run_p1.py:428: RuntimeWarning: Mean of empty slice
  print(f"overlay         {args.overlay}  {overlay_sha[:16]}...")
