config          config/p1.yaml  c219757bb47c087e...
overlay         config/altdata/N1p20.yaml  f18809e2ec9ed078...
execution       primary_open_to_close
alternative     ['news']  arm=market + alt  shift=+20
modelling set   2247 sessions, 2015-03-31 to 2024-03-04
initial train   1000
outer steps     60  (step 21, retune every 12)
candidates      23  over 23 fitted models

  step   0  retune  chose majority_baseline|{}   eligible 14/23
  step  12  retune  chose majority_baseline|{}   eligible 7/23
  step  24  retune  chose random_forest|{'max_depth': 3, 'min_samples_leaf': 50}   eligible 13/23
  step  36  retune  chose lightgbm|{'num_leaves': 7, 'learning_rate': 0.03, 'min_child_samples': 60}   eligible 7/23
  step  48  retune  chose lightgbm|{'num_leaves': 7, 'learning_rate': 0.03, 'min_child_samples': 60}   eligible 9/23

run complete in 745.0s
  oos_predictions.csv   1247 rows x 12 cols
    columns             ['step', 'model', 'params', 'delta', 'p_short', 'p_flat', 'p_long', 'mu_hat', 'position', 'realised_o2c', 'financing', 'calibration_skipped']
    dates               2019-03-21 to 2024-03-04
    positions           {-1.0: np.int64(102), 0.0: np.int64(827), 1.0: np.int64(318)}
    calibration skipped 0 rows
  selection_log.csv     5 retunes
  candidate_diagnostics 115 rows (5 retunes x 23 candidates)
  feature_stability.csv 46 distinct features selected
  run_manifest.json     written

--- stderr ---
D:\SPY Prediction\repo\scripts\run_p1.py:482: RuntimeWarning: Mean of empty slice
  train_scores = {k: float(np.nanmean(v)) for k, v in fold_train.items()}
